// Jest Snapshot v1, https://goo.gl/fbAQLP

exports[`Sheet renders it 1`] = `
<div
  class="css-ftf5xp"
>
  <button
    class="css-a6dy74"
  >
    <i />
  </button>
</div>
`;
