// Jest Snapshot v1, https://goo.gl/fbAQLP

exports[`AddButton renders this 1`] = `
<button
  class="MuiButtonBase-root MuiButton-root MuiButton-contained makeStyles-button-1 MuiButton-containedPrimary"
  tabindex="0"
  type="button"
>
  <span
    class="MuiButton-label"
  >
    <svg
      aria-hidden="true"
      class="MuiSvgIcon-root"
      focusable="false"
      viewBox="0 0 24 24"
    >
      <path
        d="M19 13h-6v6h-2v-6H5v-2h6V5h2v6h6v2z"
      />
    </svg>
  </span>
  <span
    class="MuiTouchRipple-root"
  />
</button>
`;
