// Jest Snapshot v1, https://goo.gl/fbAQLP

exports[`generateHtml injects files into template 1`] = `
<link rel="stylesheet"
      href="b.css"
>
<link rel="stylesheet"
      href="bar/d.css"
>
<script src="foo/a.js">
</script>
<script src="c.js">
</script>
`;
