// Jest Snapshot v1, https://goo.gl/fbAQLP

exports[`DatePicker renders the following 1`] = `
<div
  class="MuiFormControl-root MuiTextField-root"
  format="yyyy-MM-dd"
>
  <div
    class="MuiInputBase-root MuiOutlinedInput-root MuiInputBase-formControl MuiInputBase-marginDense MuiOutlinedInput-marginDense"
  >
    <input
      aria-invalid="false"
      class="MuiInputBase-input MuiOutlinedInput-input MuiInputBase-inputMarginDense MuiOutlinedInput-inputMarginDense"
      readonly=""
      type="text"
      value="1999-02-04"
    />
    <fieldset
      aria-hidden="true"
      class="PrivateNotchedOutline-root-1 MuiOutlinedInput-notchedOutline"
      style="padding-left:8px"
    >
      <legend
        class="PrivateNotchedOutline-legend-2"
        style="width:0.01px"
      >
        <span>
          â€‹
        </span>
      </legend>
    </fieldset>
  </div>
</div>
`;
